// Jest Snapshot v1, https://goo.gl/fbAQLP

exports[`Cat should return data  1`] = `
Array [
  1,
  2,
  3,
  65,
  2,
  4,
  45,
]
`;
